// Jest Snapshot v1, https://goo.gl/fbAQLP

exports[`getPhrases Saga should call the repoLoadingError action if the response errors 1`] = `
Object {
  "@@redux-saga/IO": true,
  "combinator": false,
  "payload": Object {
    "args": Array [
      "http://localhost:3001/collection",
    ],
    "context": null,
    "fn": [Function],
  },
  "type": "CALL",
}
`;

exports[`getPhrases Saga should dispatch the getPhrasesSuccessfully action if it requests the data successfully 1`] = `
Object {
  "@@redux-saga/IO": true,
  "combinator": false,
  "payload": Object {
    "args": Array [
      "http://localhost:3001/collection",
    ],
    "context": null,
    "fn": [Function],
  },
  "type": "CALL",
}
`;
